{
    "bacteroides_fragilis - haemophilus_influenzae - escherichia_coli - qcdb": {
        "content": [
            [
                "test_qc.dists.npy",
                "test_qc.dists.pkl",
                "test_qc.h5",
                "test_qc_qcreport.txt"
            ],
            {
                "versions_poppunk": [
                    [
                        "POPPUNK_QCDB",
                        "poppunk",
                        "poppunk 2.7.8"
                    ]
                ]
            }
        ],
        "meta": {
            "nf-test": "0.9.3",
            "nextflow": "25.04.7"
        },
        "timestamp": "2026-07-08T11:46:56.880642"
    },
    "bacteroides_fragilis - haemophilus_influenzae - escherichia_coli - qcdb - stub": {
        "content": [
            {
                "0": [
                    [
                        {
                            "id": "test"
                        },
                        [
                            "test_qc.dists.npy:md5,d41d8cd98f00b204e9800998ecf8427e",
                            "test_qc.dists.pkl:md5,d41d8cd98f00b204e9800998ecf8427e",
                            "test_qc.h5:md5,d41d8cd98f00b204e9800998ecf8427e",
                            "test_qc_qcreport.txt:md5,d41d8cd98f00b204e9800998ecf8427e"
                        ]
                    ]
                ],
                "1": [
                    [
                        "POPPUNK_QCDB",
                        "poppunk",
                        "poppunk 2.7.8"
                    ]
                ],
                "qc_db": [
                    [
                        {
                            "id": "test"
                        },
                        [
                            "test_qc.dists.npy:md5,d41d8cd98f00b204e9800998ecf8427e",
                            "test_qc.dists.pkl:md5,d41d8cd98f00b204e9800998ecf8427e",
                            "test_qc.h5:md5,d41d8cd98f00b204e9800998ecf8427e",
                            "test_qc_qcreport.txt:md5,d41d8cd98f00b204e9800998ecf8427e"
                        ]
                    ]
                ],
                "versions_poppunk": [
                    [
                        "POPPUNK_QCDB",
                        "poppunk",
                        "poppunk 2.7.8"
                    ]
                ]
            }
        ],
        "meta": {
            "nf-test": "0.9.3",
            "nextflow": "25.04.7"
        },
        "timestamp": "2026-07-08T11:47:51.003172"
    }
}