{
    "species qc - csv - stub": {
        "content": [
            [
                [
                    {
                        "id": "E_coli"
                    },
                    "E_coli_spp_eligibility_report.tsv:md5,6e53f2e2d6055a85289dff4a30f63a1d"
                ]
            ]
        ],
        "meta": {
            "nf-test": "0.9.3",
            "nextflow": "25.04.7"
        },
        "timestamp": "2026-07-08T11:07:55.61603"
    },
    "species qc - csv": {
        "content": [
            [
                [
                    {
                        "id": "E_coli"
                    },
                    "E_coli_spp_eligibility_report.tsv:md5,c8720719a5d902a532295585716eb882"
                ]
            ]
        ],
        "meta": {
            "nf-test": "0.9.3",
            "nextflow": "25.04.7"
        },
        "timestamp": "2026-07-08T11:07:51.774192"
    }
}