{
    "species qc - csv - stub": {
        "content": [
            [
                [
                    {
                        "id": "E_coli"
                    },
                    "E_coli_spp_eligibility_report.tsv:md5,6e53f2e2d6055a85289dff4a30f63a1d"
                ]
            ],
            [
                [
                    {
                        "id": "E_coli"
                    },
                    "E_coli_rfile.tsv:md5,bd141700e02a3ac6e94bfc581c932127"
                ]
            ],
            [
                [
                    {
                        "id": "E_coli"
                    },
                    "E_coli_labels.csv:md5,1665500306e78391c1c8f68336228bb1"
                ]
            ],
            [
                [
                    {
                        "id": "E_coli"
                    },
                    "E_coli_genomeinfo.csv:md5,8e0b79dc235bc361ea1486a86db1e0b5"
                ]
            ]
        ],
        "meta": {
            "nf-test": "0.9.3",
            "nextflow": "25.04.7"
        },
        "timestamp": "2026-10-07T15:23:32.076142"
    },
    "species qc - csv": {
        "content": [
            [
                [
                    {
                        "id": "E_coli"
                    },
                    "E_coli_spp_eligibility_report.tsv:md5,0ff00da0e29abdef0e4175a38c068287"
                ]
            ],
            [
                [
                    {
                        "id": "E_coli"
                    },
                    "E_coli_rfile.tsv:md5,bd141700e02a3ac6e94bfc581c932127"
                ]
            ],
            [
                [
                    {
                        "id": "E_coli"
                    },
                    "E_coli_labels.csv:md5,c8cc3d355202bbf8f56ed78476ae92b7"
                ]
            ],
            [
                [
                    {
                        "id": "E_coli"
                    },
                    "E_coli_genomeinfo.csv:md5,4e2cf1598c2973f40da9543ce6034aca"
                ]
            ]
        ],
        "meta": {
            "nf-test": "0.9.3",
            "nextflow": "25.04.7"
        },
        "timestamp": "2026-10-07T15:07:30.200119"
    }
}