{
    "two genomes - genome info": {
        "content": [
            [
                3,
                3,
                5,
                3,
                3,
                3,
                3,
                3,
                3
            ],
            [
                [
                    {
                        "id": "test"
                    },
                    [
                        "genome.fa:md5,923a0a268ad29fee3c3437d00f9970de",
                        "genome.fasta:md5,341571a5f4fd6e95e46c5917d31083c4"
                    ]
                ]
            ],
            true,
            {
                "versions_drep": [
                    [
                        "DREP_DEREPLICATE",
                        "drep",
                        "3.6.2"
                    ]
                ]
            }
        ],
        "meta": {
            "nf-test": "0.9.3",
            "nextflow": "25.04.7"
        },
        "timestamp": "2026-10-07T15:15:15.64101"
    },
    "two genomes - genome info - stub": {
        "content": [
            {
                "0": [
                    [
                        {
                            "id": "test"
                        },
                        "genome.fa:md5,923a0a268ad29fee3c3437d00f9970de"
                    ]
                ],
                "1": [
                    [
                        {
                            "id": "test"
                        },
                        [
                            "Cdb.csv:md5,7078288534d58a141e166dc58ae95159",
                            "Wdb.csv:md5,470467e023904b246ad9331d492cd732",
                            "genomeInformation.csv:md5,11cf9af758108b963013ded6d2b86534"
                        ]
                    ]
                ],
                "2": [
                    [
                        {
                            "id": "test"
                        },
                        "Winning_genomes.pdf:md5,d41d8cd98f00b204e9800998ecf8427e"
                    ]
                ],
                "3": [
                    [
                        {
                            "id": "test"
                        },
                        "logger.log:md5,d41d8cd98f00b204e9800998ecf8427e"
                    ]
                ],
                "4": [
                    [
                        "DREP_DEREPLICATE",
                        "drep",
                        "3.6.2"
                    ]
                ],
                "fastas": [
                    [
                        {
                            "id": "test"
                        },
                        "genome.fa:md5,923a0a268ad29fee3c3437d00f9970de"
                    ]
                ],
                "figures": [
                    [
                        {
                            "id": "test"
                        },
                        "Winning_genomes.pdf:md5,d41d8cd98f00b204e9800998ecf8427e"
                    ]
                ],
                "log": [
                    [
                        {
                            "id": "test"
                        },
                        "logger.log:md5,d41d8cd98f00b204e9800998ecf8427e"
                    ]
                ],
                "summary_tables": [
                    [
                        {
                            "id": "test"
                        },
                        [
                            "Cdb.csv:md5,7078288534d58a141e166dc58ae95159",
                            "Wdb.csv:md5,470467e023904b246ad9331d492cd732",
                            "genomeInformation.csv:md5,11cf9af758108b963013ded6d2b86534"
                        ]
                    ]
                ],
                "versions_drep": [
                    [
                        "DREP_DEREPLICATE",
                        "drep",
                        "3.6.2"
                    ]
                ]
            }
        ],
        "meta": {
            "nf-test": "0.9.3",
            "nextflow": "25.04.7"
        },
        "timestamp": "2026-10-07T15:15:23.87161"
    }
}